{
    "rules": [
        {
            "rule-type": "transformation",
            "rule-id": "409895465",
            "rule-name": "965091573",
            "rule-target": "table",
            "object-locator": {
                "schema-name": "UDM_CDS",
                "table-name": "PERIODIC_ACTIVITY_EXPECTED"
            },
            "parallel-load": null,
            "rule-action": "convert-lowercase",
            "value": null,
            "old-value": null
        },
        {
            "rule-type": "transformation",
            "rule-id": "733503967",
            "rule-name": "914851912",
            "rule-target": "schema",
            "object-locator": {
                "schema-name": "UDM_CDS"
            },
            "parallel-load": null,
            "rule-action": "rename",
            "value": "nizlog14_udm_cds",
            "old-value": null
        },
        {
            "rule-type": "selection",
            "rule-id": "929602760",
            "rule-name": "269083669",
            "object-locator": {
                "schema-name": "UDM_CDS",
                "table-name": "PERIODIC_ACTIVITY_EXPECTED"
            },
            "rule-action": "include"
        }
    ]
}